---
source: src/parser.tests.rs
expression: ast
---
Ok(
    Span {
        offset: 0..9,
        pos: Pos {
            line: 0,
            col: 0,
        }..Pos {
            line: 0,
            col: 9,
        },
        node: PropAccess {
            obj: Span {
                offset: 0..7,
                pos: Pos {
                    line: 0,
                    col: 0,
                }..Pos {
                    line: 0,
                    col: 7,
                },
                node: PropAccess {
                    obj: Span {
                        offset: 0..5,
                        pos: Pos {
                            line: 0,
                            col: 0,
                        }..Pos {
                            line: 0,
                            col: 5,
                        },
                        node: PropAccess {
                            obj: Span {
                                offset: 0..3,
                                pos: Pos {
                                    line: 0,
                                    col: 0,
                                }..Pos {
                                    line: 0,
                                    col: 3,
                                },
                                node: Var {
                                    name: "obj",
                                },
                            },
                            dot_tok: Token {
                                sigil: Dot,
                                offset: 3..4,
                                pos: Pos {
                                    line: 0,
                                    col: 3,
                                }..Pos {
                                    line: 0,
                                    col: 4,
                                },
                            },
                            prop: "a",
                        },
                    },
                    dot_tok: Token {
                        sigil: Dot,
                        offset: 5..6,
                        pos: Pos {
                            line: 0,
                            col: 5,
                        }..Pos {
                            line: 0,
                            col: 6,
                        },
                    },
                    prop: "b",
                },
            },
            dot_tok: Token {
                sigil: Dot,
                offset: 7..8,
                pos: Pos {
                    line: 0,
                    col: 7,
                }..Pos {
                    line: 0,
                    col: 8,
                },
            },
            prop: "c",
        },
    },
)
