---
source: src/parser.tests.rs
expression: ast
---
Err(
    ParseError {
        expected: "expression",
        found: Some(
            Token {
                sigil: Comma,
                range: 5..6,
            },
        ),
    },
)
