---
source: src/lexer.tests.rs
expression: tokens
---
[
    Token {
        sigil: Keyword(
            Let,
        ),
        range: 0..3,
    },
    Token {
        sigil: Ident {
            name: "x",
        },
        range: 4..5,
    },
    Token {
        sigil: Eq,
        range: 6..7,
    },
    Token {
        sigil: Num {
            val: 1.0,
        },
        range: 8..9,
    },
    Token {
        sigil: Semi,
        range: 9..10,
    },
    Token {
        sigil: Comment {
            body: " this is a comment",
        },
        range: 11..31,
    },
    Token {
        sigil: Keyword(
            Print,
        ),
        range: 32..37,
    },
    Token {
        sigil: Ident {
            name: "x",
        },
        range: 38..39,
    },
]
