---
source: src/parser.tests.rs
expression: ast
---
Err(
    ParseError {
        expected: "function name identifier",
        found: Some(
            Token {
                sigil: ParenL,
                range: 3..4,
            },
        ),
    },
)
