---
source: src/parser.tests.rs
expression: ast
---
Ok(
    Prog {
        stmts: [],
    },
)
