---
source: src/parser.tests.rs
expression: ast
---
Err(
    ParseError {
        expected: "comma or closing parenthesis of function arguments",
        found: None,
    },
)
