---
source: src/lexer.rs
expression: tokens
---
[
    Token {
        sigil: Ident {
            name: "x",
        },
        range: 1..2,
    },
    Token {
        sigil: Eq,
        range: 3..4,
    },
    Token {
        sigil: Invalid,
        range: 5..10,
    },
]
