---
source: src/parser.tests.rs
expression: ast
---
Ok(
    Span {
        offset: 0..9,
        pos: Pos {
            line: 0,
            col: 0,
        }..Pos {
            line: 0,
            col: 9,
        },
        node: FuncCall {
            callee: Span {
                offset: 0..4,
                pos: Pos {
                    line: 0,
                    col: 0,
                }..Pos {
                    line: 0,
                    col: 4,
                },
                node: Var {
                    name: "func",
                },
            },
            paren_l: Token {
                sigil: ParenL,
                offset: 4..5,
                pos: Pos {
                    line: 0,
                    col: 4,
                }..Pos {
                    line: 0,
                    col: 5,
                },
            },
            args: [
                Span {
                    offset: 5..6,
                    pos: Pos {
                        line: 0,
                        col: 5,
                    }..Pos {
                        line: 0,
                        col: 6,
                    },
                    node: Var {
                        name: "a",
                    },
                },
            ],
            paren_r: Token {
                sigil: ParenR,
                offset: 8..9,
                pos: Pos {
                    line: 0,
                    col: 8,
                }..Pos {
                    line: 0,
                    col: 9,
                },
            },
        },
    },
)
